// Jest Snapshot v1, https://goo.gl/fbAQLP

exports[`IntegrationAutosuggest Displays query string 1`] = `
<div
  className="IntegrationAutosuggest-container-1"
>
  <div
    aria-describedby={undefined}
    className="MuiFormControl-root-7 MuiFormControl-fullWidth-10"
    onBlur={[Function]}
    onFocus={[Function]}
  >
    <div
      aria-activedescendant={null}
      aria-autocomplete="list"
      aria-expanded={false}
      aria-owns="react-autowhatever-1"
      className="MuiInput-root-11 MuiInput-fullWidth-18 MuiInput-formControl-12 MuiInput-underline-15"
      role="combobox"
      style={Object {}}
    >
      <input
        aria-invalid={false}
        aria-required={false}
        autoComplete="off"
        autoFocus={undefined}
        className="MuiInput-input-19"
        defaultValue={undefined}
        disabled={false}
        id={undefined}
        name={undefined}
        onBlur={[Function]}
        onChange={[Function]}
        onFocus={[Function]}
        onKeyDown={[Function]}
        onKeyUp={undefined}
        placeholder="Search place names"
        readOnly={undefined}
        required={undefined}
        rows={undefined}
        type="text"
        value="kivennapa"
      />
    </div>
  </div>
  <div
    className="MuiPaper-root-24 MuiPaper-elevation2-28"
    id="react-autowhatever-1"
    style={Object {}}
  />
</div>
`;
